<?xml version="1.0" encoding="UTF-8"?>
<TestRun id="1de6a12b-1db5-4248-b89a-14efb2227fde" name="brandon@BRANDON-MACBOOK 2012-03-14 21:51:20" runUser="BRANDON-MACBOOK\brandon" xmlns="http://microsoft.com/schemas/VisualStudio/TeamTest/2010">
  <TestSettings name="Default Test Settings" id="0b50cb00-2c6a-4028-808c-c86bf75a8c1b">
    <Deployment runDeploymentRoot="brandon_BRANDON-MACBOOK 2012-03-14 21_51_20">
      <DeploymentItem filename="C:\Program Files (x86)\Microsoft ASP.NET\ASP.NET Web Pages\v2.0\Assemblies\System.Web.WebPages.Razor.dll" />
      <DeploymentItem filename="C:\Users\brandon\Documents\Visual Studio 2010\Projects\BikePlan\HTPBP.git\BP.Tests\bin\Debug\System.Web.Optimization.dll" />
      <DeploymentItem filename="C:\Users\brandon\Documents\Visual Studio 2010\Projects\BikePlan\HTPBP.git\BP.Tests\bin\Debug\Ninject.dll" />
      <DeploymentItem filename="C:\Program Files (x86)\Microsoft ASP.NET\ASP.NET Web Pages\v2.0\Assemblies\System.Web.WebPages.Deployment.dll" />
      <DeploymentItem filename="C:\Program Files (x86)\Microsoft ASP.NET\ASP.NET MVC 4\Assemblies\System.Net.Http.Formatting.dll" />
      <DeploymentItem filename="C:\Users\brandon\Documents\Visual Studio 2010\Projects\BikePlan\HTPBP.git\BP.Domain\bin\Debug\BP.Domain.dll" />
      <DeploymentItem filename="C:\Program Files (x86)\Microsoft ASP.NET\ASP.NET Web Pages\v2.0\Assemblies\System.Web.Helpers.dll" />
      <DeploymentItem filename="C:\Program Files (x86)\Microsoft ASP.NET\ASP.NET MVC 4\Assemblies\System.Web.Http.dll" />
      <DeploymentItem filename="C:\Program Files (x86)\Microsoft ASP.NET\ASP.NET Web Pages\v2.0\Assemblies\System.Web.WebPages.dll" />
      <DeploymentItem filename="C:\Users\brandon\Documents\Visual Studio 2010\Projects\BikePlan\HTPBP.git\BP\bin\System.Web.Providers.dll" />
      <DeploymentItem filename="C:\Program Files (x86)\Microsoft ASP.NET\ASP.NET MVC 4\Assemblies\System.Web.Http.WebHost.dll" />
      <DeploymentItem filename="C:\Program Files (x86)\Microsoft ASP.NET\ASP.NET MVC 4\Assemblies\System.Net.Http.dll" />
      <DeploymentItem filename="C:\Program Files (x86)\Microsoft ASP.NET\ASP.NET Web Pages\v2.0\Assemblies\Microsoft.Web.Infrastructure.dll" />
      <DeploymentItem filename="C:\Users\brandon\Documents\Visual Studio 2010\Projects\BikePlan\HTPBP.git\BP\packages\Moq.4.0.10827\lib\NET40\Moq.dll" />
      <DeploymentItem filename="C:\Users\brandon\Documents\Visual Studio 2010\Projects\BikePlan\HTPBP.git\BP\bin\BP.dll" />
      <DeploymentItem filename="C:\Users\brandon\Documents\Visual Studio 2010\Projects\BikePlan\HTPBP.git\BP.Tests\bin\Debug\AutoMapper.dll" />
      <DeploymentItem filename="C:\Program Files (x86)\Microsoft ASP.NET\ASP.NET Web Pages\v2.0\Assemblies\System.Web.Razor.dll" />
      <DeploymentItem filename="C:\Program Files (x86)\Microsoft ASP.NET\ASP.NET MVC 4\Assemblies\System.Json.dll" />
      <DeploymentItem filename="C:\Program Files (x86)\Microsoft ASP.NET\ASP.NET MVC 4\Assemblies\System.Web.Http.Common.dll" />
      <DeploymentItem filename="C:\Program Files (x86)\Microsoft ASP.NET\ASP.NET MVC 4\Assemblies\System.Net.Http.WebRequest.dll" />
    </Deployment>
    <Execution>
      <TestTypeSpecific />
      <AgentRule name="Execution Agents">
      </AgentRule>
    </Execution>
  </TestSettings>
  <Times creation="2012-03-14T21:51:20.5556129+11:00" queuing="2012-03-14T21:51:21.1796486+11:00" start="2012-03-14T21:51:21.1866490+11:00" finish="2012-03-14T21:51:21.7306801+11:00" />
  <ResultSummary outcome="Completed">
    <Counters total="1" executed="1" passed="1" error="0" failed="0" timeout="0" aborted="0" inconclusive="0" passedButRunAborted="0" notRunnable="0" notExecuted="0" disconnected="0" warning="0" completed="0" inProgress="0" pending="0" />
  </ResultSummary>
  <TestDefinitions>
    <UnitTest name="LoginTest" storage="c:\users\brandon\documents\visual studio 2010\projects\bikeplan\htpbp.git\bp.tests\bin\debug\bp.tests.dll" id="2204d628-eec4-8545-47a7-edc82416b334">
      <Execution id="47c6768a-7eb8-4ee5-8178-3739b6ea5148" />
      <TestMethod codeBase="C:/Users/brandon/Documents/Visual Studio 2010/Projects/BikePlan/HTPBP.git/BP.Tests/bin/Debug/BP.Tests.DLL" adapterTypeName="Microsoft.VisualStudio.TestTools.TestTypes.Unit.UnitTestAdapter, Microsoft.VisualStudio.QualityTools.Tips.UnitTest.Adapter, Version=10.0.0.0, Culture=neutral, PublicKeyToken=b03f5f7f11d50a3a" className="BP.Tests.AccountControllerTest, BP.Tests, Version=1.0.0.0, Culture=neutral, PublicKeyToken=null" name="LoginTest" />
    </UnitTest>
  </TestDefinitions>
  <TestLists>
    <TestList name="Results Not in a List" id="8c84fa94-04c1-424b-9868-57a2d4851a1d" />
    <TestList name="All Loaded Results" id="19431567-8539-422a-85d7-44ee4e166bda" />
  </TestLists>
  <TestEntries>
    <TestEntry testId="2204d628-eec4-8545-47a7-edc82416b334" executionId="47c6768a-7eb8-4ee5-8178-3739b6ea5148" testListId="8c84fa94-04c1-424b-9868-57a2d4851a1d" />
  </TestEntries>
  <Results>
    <UnitTestResult executionId="47c6768a-7eb8-4ee5-8178-3739b6ea5148" testId="2204d628-eec4-8545-47a7-edc82416b334" testName="LoginTest" computerName="BRANDON-MACBOOK" duration="00:00:00.2940934" startTime="2012-03-14T21:51:21.1946494+11:00" endTime="2012-03-14T21:51:21.7066787+11:00" testType="13cdc9d9-ddb5-4fa4-a97d-d965ccfc6d4b" outcome="Passed" testListId="8c84fa94-04c1-424b-9868-57a2d4851a1d" relativeResultsDirectory="47c6768a-7eb8-4ee5-8178-3739b6ea5148">
    </UnitTestResult>
  </Results>
</TestRun>