<?xml version="1.0" encoding="UTF-8"?>
<TestRun id="22e7d665-d2cc-4109-b029-f94c6c2a83ff" name="brandon@BRANDON-MACBOOK 2012-03-14 21:50:40" runUser="BRANDON-MACBOOK\brandon" xmlns="http://microsoft.com/schemas/VisualStudio/TeamTest/2010">
  <TestSettings name="Default Test Settings" id="26693213-715a-422f-abb1-7d763a0b73eb">
    <Deployment runDeploymentRoot="brandon_BRANDON-MACBOOK 2012-03-14 21_50_40">
      <DeploymentItem filename="C:\Program Files (x86)\Microsoft ASP.NET\ASP.NET Web Pages\v2.0\Assemblies\System.Web.WebPages.Razor.dll" />
      <DeploymentItem filename="C:\Users\brandon\Documents\Visual Studio 2010\Projects\BikePlan\HTPBP.git\BP.Tests\bin\Debug\System.Web.Optimization.dll" />
      <DeploymentItem filename="C:\Users\brandon\Documents\Visual Studio 2010\Projects\BikePlan\HTPBP.git\BP.Tests\bin\Debug\Ninject.dll" />
      <DeploymentItem filename="C:\Program Files (x86)\Microsoft ASP.NET\ASP.NET Web Pages\v2.0\Assemblies\System.Web.WebPages.Deployment.dll" />
      <DeploymentItem filename="C:\Program Files (x86)\Microsoft ASP.NET\ASP.NET MVC 4\Assemblies\System.Net.Http.Formatting.dll" />
      <DeploymentItem filename="C:\Users\brandon\Documents\Visual Studio 2010\Projects\BikePlan\HTPBP.git\BP.Domain\bin\Debug\BP.Domain.dll" />
      <DeploymentItem filename="C:\Program Files (x86)\Microsoft ASP.NET\ASP.NET Web Pages\v2.0\Assemblies\System.Web.Helpers.dll" />
      <DeploymentItem filename="C:\Program Files (x86)\Microsoft ASP.NET\ASP.NET MVC 4\Assemblies\System.Web.Http.dll" />
      <DeploymentItem filename="C:\Program Files (x86)\Microsoft ASP.NET\ASP.NET Web Pages\v2.0\Assemblies\System.Web.WebPages.dll" />
      <DeploymentItem filename="C:\Users\brandon\Documents\Visual Studio 2010\Projects\BikePlan\HTPBP.git\BP\bin\System.Web.Providers.dll" />
      <DeploymentItem filename="C:\Program Files (x86)\Microsoft ASP.NET\ASP.NET MVC 4\Assemblies\System.Web.Http.WebHost.dll" />
      <DeploymentItem filename="C:\Program Files (x86)\Microsoft ASP.NET\ASP.NET MVC 4\Assemblies\System.Net.Http.dll" />
      <DeploymentItem filename="C:\Program Files (x86)\Microsoft ASP.NET\ASP.NET Web Pages\v2.0\Assemblies\Microsoft.Web.Infrastructure.dll" />
      <DeploymentItem filename="C:\Users\brandon\Documents\Visual Studio 2010\Projects\BikePlan\HTPBP.git\BP\packages\Moq.4.0.10827\lib\NET40\Moq.dll" />
      <DeploymentItem filename="C:\Users\brandon\Documents\Visual Studio 2010\Projects\BikePlan\HTPBP.git\BP\bin\BP.dll" />
      <DeploymentItem filename="C:\Users\brandon\Documents\Visual Studio 2010\Projects\BikePlan\HTPBP.git\BP.Tests\bin\Debug\AutoMapper.dll" />
      <DeploymentItem filename="C:\Program Files (x86)\Microsoft ASP.NET\ASP.NET Web Pages\v2.0\Assemblies\System.Web.Razor.dll" />
      <DeploymentItem filename="C:\Program Files (x86)\Microsoft ASP.NET\ASP.NET MVC 4\Assemblies\System.Json.dll" />
      <DeploymentItem filename="C:\Program Files (x86)\Microsoft ASP.NET\ASP.NET MVC 4\Assemblies\System.Web.Http.Common.dll" />
      <DeploymentItem filename="C:\Program Files (x86)\Microsoft ASP.NET\ASP.NET MVC 4\Assemblies\System.Net.Http.WebRequest.dll" />
    </Deployment>
    <Execution>
      <TestTypeSpecific />
      <AgentRule name="Execution Agents">
      </AgentRule>
    </Execution>
  </TestSettings>
  <Times creation="2012-03-14T21:50:40.0702972+11:00" queuing="2012-03-14T21:50:40.4243175+11:00" start="2012-03-14T21:50:40.4323180+11:00" finish="2012-03-14T21:50:41.1933615+11:00" />
  <ResultSummary outcome="Failed">
    <Counters total="2" executed="2" passed="1" error="0" failed="1" timeout="0" aborted="0" inconclusive="0" passedButRunAborted="0" notRunnable="0" notExecuted="0" disconnected="0" warning="0" completed="0" inProgress="0" pending="0" />
  </ResultSummary>
  <TestDefinitions>
    <UnitTest name="LoginTest" storage="c:\users\brandon\documents\visual studio 2010\projects\bikeplan\htpbp.git\bp.tests\bin\debug\bp.tests.dll" id="2204d628-eec4-8545-47a7-edc82416b334">
      <Execution id="f859c10b-cce1-49b0-bb39-608f4f27e56d" />
      <TestMethod codeBase="C:/Users/brandon/Documents/Visual Studio 2010/Projects/BikePlan/HTPBP.git/BP.Tests/bin/Debug/BP.Tests.DLL" adapterTypeName="Microsoft.VisualStudio.TestTools.TestTypes.Unit.UnitTestAdapter, Microsoft.VisualStudio.QualityTools.Tips.UnitTest.Adapter, Version=10.0.0.0, Culture=neutral, PublicKeyToken=b03f5f7f11d50a3a" className="BP.Tests.AccountControllerTest, BP.Tests, Version=1.0.0.0, Culture=neutral, PublicKeyToken=null" name="LoginTest" />
    </UnitTest>
    <UnitTest name="RegisterTest" storage="c:\users\brandon\documents\visual studio 2010\projects\bikeplan\htpbp.git\bp.tests\bin\debug\bp.tests.dll" id="88f23de9-645b-a575-1f6d-baaa97789e1e">
      <Execution id="842cc13d-50c8-4a72-8644-41e1411327b4" />
      <TestMethod codeBase="C:/Users/brandon/Documents/Visual Studio 2010/Projects/BikePlan/HTPBP.git/BP.Tests/bin/Debug/BP.Tests.DLL" adapterTypeName="Microsoft.VisualStudio.TestTools.TestTypes.Unit.UnitTestAdapter, Microsoft.VisualStudio.QualityTools.Tips.UnitTest.Adapter, Version=10.0.0.0, Culture=neutral, PublicKeyToken=b03f5f7f11d50a3a" className="BP.Tests.AccountControllerTest, BP.Tests, Version=1.0.0.0, Culture=neutral, PublicKeyToken=null" name="RegisterTest" />
    </UnitTest>
  </TestDefinitions>
  <TestLists>
    <TestList name="Results Not in a List" id="8c84fa94-04c1-424b-9868-57a2d4851a1d" />
    <TestList name="All Loaded Results" id="19431567-8539-422a-85d7-44ee4e166bda" />
  </TestLists>
  <TestEntries>
    <TestEntry testId="2204d628-eec4-8545-47a7-edc82416b334" executionId="f859c10b-cce1-49b0-bb39-608f4f27e56d" testListId="8c84fa94-04c1-424b-9868-57a2d4851a1d" />
    <TestEntry testId="88f23de9-645b-a575-1f6d-baaa97789e1e" executionId="842cc13d-50c8-4a72-8644-41e1411327b4" testListId="8c84fa94-04c1-424b-9868-57a2d4851a1d" />
  </TestEntries>
  <Results>
    <UnitTestResult executionId="f859c10b-cce1-49b0-bb39-608f4f27e56d" testId="2204d628-eec4-8545-47a7-edc82416b334" testName="LoginTest" computerName="BRANDON-MACBOOK" duration="00:00:00.3640470" startTime="2012-03-14T21:50:40.4363182+11:00" endTime="2012-03-14T21:50:41.0323523+11:00" testType="13cdc9d9-ddb5-4fa4-a97d-d965ccfc6d4b" outcome="Passed" testListId="8c84fa94-04c1-424b-9868-57a2d4851a1d" relativeResultsDirectory="f859c10b-cce1-49b0-bb39-608f4f27e56d">
    </UnitTestResult>
    <UnitTestResult executionId="842cc13d-50c8-4a72-8644-41e1411327b4" testId="88f23de9-645b-a575-1f6d-baaa97789e1e" testName="RegisterTest" computerName="BRANDON-MACBOOK" duration="00:00:00.1238298" startTime="2012-03-14T21:50:41.0383526+11:00" endTime="2012-03-14T21:50:41.1663599+11:00" testType="13cdc9d9-ddb5-4fa4-a97d-d965ccfc6d4b" outcome="Failed" testListId="8c84fa94-04c1-424b-9868-57a2d4851a1d" relativeResultsDirectory="842cc13d-50c8-4a72-8644-41e1411327b4">
      <Output>
        <ErrorInfo>
          <Message>Test method BP.Tests.AccountControllerTest.RegisterTest threw exception: 
AutoMapper.AutoMapperMappingException: Missing type map configuration or unsupported mapping.

Mapping types:
RegisterViewModel -&gt; UserModel
BP.ViewModels.RegisterViewModel -&gt; BP.Domain.Entities.UserModel

Destination path:
UserModel

Source value:
BP.ViewModels.RegisterViewModel</Message>
          <StackTrace>    at BP.Controllers.AccountController.Register(RegisterViewModel model) in C:\Users\brandon\Documents\Visual Studio 2010\Projects\BikePlan\HTPBP.git\BP\Controllers\AccountController.cs:line 213
   at BP.Tests.AccountControllerTest.RegisterTest() in C:\Users\brandon\Documents\Visual Studio 2010\Projects\BikePlan\HTPBP.git\BP.Tests\AccountControllerTest.cs:line 100
</StackTrace>
        </ErrorInfo>
      </Output>
    </UnitTestResult>
  </Results>
</TestRun>